interactions:
- request:
    body: '{"parent": {"page_id": "95ba011667764c199e4554e77415f03b"}, "properties":
      {"title": [{"text": {"content": "Test 2023-06-29 15:06:24.126875"}}]}, "children":
      []}'
    headers:
      accept:
      - '*/*'
      accept-encoding:
      - gzip, deflate
      authorization:
      - secret_...
      connection:
      - keep-alive
      content-length:
      - '160'
      content-type:
      - application/json
      host:
      - api.notion.com
      notion-version:
      - '2022-06-28'
    method: POST
    uri: https://api.notion.com/v1/pages
  response:
    content: '{"object":"page","id":"e372dae1-984d-4dad-b200-8d8e6cf6bead","created_time":"2023-06-29T13:06:00.000Z","last_edited_time":"2023-06-29T13:06:00.000Z","created_by":{"object":"user","id":"7775f3a3-893f-43fa-b625-460c61094c78"},"last_edited_by":{"object":"user","id":"7775f3a3-893f-43fa-b625-460c61094c78"},"cover":null,"icon":null,"parent":{"type":"page_id","page_id":"95ba0116-6776-4c19-9e45-54e77415f03b"},"archived":false,"properties":{"title":{"id":"title","type":"title","title":[{"type":"text","text":{"content":"Test
      2023-06-29 15:06:24.126875","link":null},"annotations":{"bold":false,"italic":false,"strikethrough":false,"underline":false,"code":false,"color":"default"},"plain_text":"Test
      2023-06-29 15:06:24.126875","href":null}]}},"url":"https://www.notion.so/Test-2023-06-29-15-06-24-126875-e372dae1984d4dadb2008d8e6cf6bead","public_url":null}'
    headers: {}
    http_version: HTTP/1.1
    status_code: 200
- request:
    body: '{"parent": {"type": "page_id", "page_id": "e372dae1-984d-4dad-b200-8d8e6cf6bead"},
      "title": [{"type": "text", "text": {"content": "Test Database"}}], "properties":
      {"Name": {"title": {}}}}'
    headers:
      accept:
      - '*/*'
      accept-encoding:
      - gzip, deflate
      authorization:
      - secret_...
      connection:
      - keep-alive
      content-length:
      - '188'
      content-type:
      - application/json
      host:
      - api.notion.com
      notion-version:
      - '2022-06-28'
    method: POST
    uri: https://api.notion.com/v1/databases
  response:
    content: '{"object":"database","id":"dff32184-f245-496b-b97d-a75c9f6176a7","cover":null,"icon":null,"created_time":"2023-06-29T13:06:00.000Z","created_by":{"object":"user","id":"7775f3a3-893f-43fa-b625-460c61094c78"},"last_edited_by":{"object":"user","id":"7775f3a3-893f-43fa-b625-460c61094c78"},"last_edited_time":"2023-06-29T13:06:00.000Z","title":[{"type":"text","text":{"content":"Test
      Database","link":null},"annotations":{"bold":false,"italic":false,"strikethrough":false,"underline":false,"code":false,"color":"default"},"plain_text":"Test
      Database","href":null}],"description":[],"is_inline":false,"properties":{"Name":{"id":"title","name":"Name","type":"title","title":{}}},"parent":{"type":"page_id","page_id":"e372dae1-984d-4dad-b200-8d8e6cf6bead"},"url":"https://www.notion.so/dff32184f245496bb97da75c9f6176a7","public_url":null,"archived":false}'
    headers: {}
    http_version: HTTP/1.1
    status_code: 200
- request:
    body: ''
    headers:
      accept:
      - '*/*'
      accept-encoding:
      - gzip, deflate
      authorization:
      - secret_...
      connection:
      - keep-alive
      host:
      - api.notion.com
      notion-version:
      - '2022-06-28'
    method: DELETE
    uri: https://api.notion.com/v1/blocks/e372dae1-984d-4dad-b200-8d8e6cf6bead
  response:
    content: '{"object":"block","id":"e372dae1-984d-4dad-b200-8d8e6cf6bead","parent":{"type":"page_id","page_id":"95ba0116-6776-4c19-9e45-54e77415f03b"},"created_time":"2023-06-29T13:06:00.000Z","last_edited_time":"2023-06-29T13:06:00.000Z","created_by":{"object":"user","id":"7775f3a3-893f-43fa-b625-460c61094c78"},"last_edited_by":{"object":"user","id":"7775f3a3-893f-43fa-b625-460c61094c78"},"has_children":true,"archived":true,"type":"child_page","child_page":{"title":"Test
      2023-06-29 15:06:24.126875"}}'
    headers: {}
    http_version: HTTP/1.1
    status_code: 200
version: 1
